ets Jul 29 2019 1ï¿½ets Jul 29 2019 12:21:46

rst:0x1 (POWERON_RESET),boot:0x13 (SPI_FAST_FLASH_BOOT)
configsip: 0, SPIWP:0xee
clk_drv:0x00,q_drv:0x00,d_drv:0x00,cs0_drv:0x00,hd_drv:0x00,wp_drv:0x00
mode:DIO, clock div:2
load:0x3fff0030,len:7176
load:0x40078000,len:15564
ho 0 tail 12 room 4
load:0x40080400,len:4
load:0x40080404,len:3904
entry 0x40080640
[0;32mI (31) boot: ESP-IDF v5.3-dev-3225-g5a40bb8746 2nd stage bootloader[0m
[0;32mI (31) boot: compile time May 19 2024 19:40:36[0m
[0;32mI (33) boot: Multicore bootloader[0m
[0;32mI (37) boot: chip revision: v3.1[0m
[0;32mI (41) boot.esp32: SPI Speed      : 40MHz[0m
[0;32mI (46) boot.esp32: SPI Mode       : DIO[0m
[0;32mI (50) boot.esp32: SPI Flash Size : 2MB[0m
[0;32mI (55) boot: Enabling RNG early entropy source...[0m
[0;32mI (60) boot: Partition Table:[0m
[0;32mI (64) boot: ## Label            Usage          Type ST Offset   Length[0m
[0;32mI (71) boot:  0 nvs              WiFi data        01 02 00009000 00006000[0m
[0;32mI (78) boot:  1 phy_init         RF data          01 01 0000f000 00001000[0m
[0;32mI (86) boot:  2 factory          factory app      00 00 00010000 00100000[0m
[0;32mI (93) boot: End of partition table[0m
[0;32mI (97) esp_image: segment 0: paddr=00010020 vaddr=3f400020 size=09434h ( 37940) map[0m
[0;32mI (119) esp_image: segment 1: paddr=0001945c vaddr=3ffb0000 size=02200h (  8704) load[0m
[0;32mI (122) esp_image: segment 2: paddr=0001b664 vaddr=40080000 size=00404h (  1028) load[0m
[0;32mI (125) esp_image: segment 3: paddr=0001ba70 vaddr=40080408 size=045a8h ( 17832) load[0m
[0;32mI (141) esp_image: segment 4: paddr=00020020 vaddr=400d0020 size=16b70h ( 93040) map[0m
[0;32mI (174) esp_image: segment 5: paddr=00036b98 vaddr=400849b0 size=07824h ( 30756) load[0m
[0;32mI (192) boot: Loaded app from partition at offset 0x10000[0m
[0;32mI (192) boot: Disabling RNG early entropy source...[0m
[0;32mI (204) cpu_start: Multicore app[0m
[0;32mI (213) cpu_start: Pro cpu start user code[0m
[0;32mI (213) cpu_start: cpu freq: 160000000 Hz[0m
[0;32mI (213) app_init: Application information:[0m
[0;32mI (216) app_init: Project name:     performance_meas[0m
[0;32mI (221) app_init: App version:      1[0m
[0;32mI (226) app_init: Compile time:     May 19 2024 19:40:26[0m
[0;32mI (232) app_init: ELF file SHA256:  90217a338...[0m
[0;32mI (237) app_init: ESP-IDF:          v5.3-dev-3225-g5a40bb8746[0m
[0;32mI (243) efuse_init: Min chip rev:     v0.0[0m
[0;32mI (248) efuse_init: Max chip rev:     v3.99 [0m
[0;32mI (253) efuse_init: Chip rev:         v3.1[0m
[0;32mI (258) heap_init: Initializing. RAM available for dynamic allocation:[0m
[0;32mI (265) heap_init: At 3FFAE6E0 len 00001920 (6 KiB): DRAM[0m
[0;32mI (271) heap_init: At 3FFB2AC8 len 0002D538 (181 KiB): DRAM[0m
[0;32mI (277) heap_init: At 3FFE0440 len 00003AE0 (14 KiB): D/IRAM[0m
[0;32mI (284) heap_init: At 3FFE4350 len 0001BCB0 (111 KiB): D/IRAM[0m
[0;32mI (290) heap_init: At 4008C1D4 len 00013E2C (79 KiB): IRAM[0m
[0;32mI (298) spi_flash: detected chip: generic[0m
[0;32mI (301) spi_flash: flash io: dio[0m
[0;33mW (305) spi_flash: Detected size(4096k) larger than the size in the binary image header(2048k). Using the size in the binary image header.[0m
[0;32mI (319) main_task: Started on CPU0[0m
[0;32mI (329) main_task: Calling app_main()[0m
Integer Addition 	 Time_meas=15.039000 ms 	139.447571 MOP/S  	CPI=1.079571  	Freq=160 MHz 	Cycles=2406171 	icount=2228822 	Time_cy=15.038568 ms
Integer Multiply 	 Time_meas=15.051000 ms 	139.336395 MOP/S  	CPI=1.080424  	Freq=160 MHz 	Cycles=2408076 	icount=2228824 	Time_cy=15.050474 ms
Integer Division 	 Time_meas=28.162001 ms 	74.467438 MOP/S  	CPI=2.021383  	Freq=160 MHz 	Cycles=4505804 	icount=2229070 	Time_cy=28.161276 ms
Integer Multiply-Add 	 Time_meas=22.117001 ms 	94.820816 MOP/S  	CPI=1.553201  	Freq=160 MHz 	Cycles=3538551 	icount=2278231 	Time_cy=22.115944 ms
Float Addition  	 Time_meas=18.226000 ms 	115.063759 MOP/S  	CPI=1.210458  	Freq=160 MHz 	Cycles=2916033 	icount=2409033 	Time_cy=18.225206 ms
Float Multiply  	 Time_meas=18.218000 ms 	115.114281 MOP/S  	CPI=1.209913  	Freq=160 MHz 	Cycles=2914720 	icount=2409033 	Time_cy=18.216999 ms
Float Division  	 Time_meas=621.520020 ms 	3.374231 MOP/S  	CPI=1.392107  	Freq=160 MHz 	Cycles=99443024 	icount=71433463 	Time_cy=621.518860 ms
Float Multiply-Add 	 Time_meas=38.106998 ms 	55.033249 MOP/S  	CPI=2.369265  	Freq=160 MHz 	Cycles=6096983 	icount=2573365 	Time_cy=38.106144 ms
Double Addition 	 Time_meas=468.667999 ms 	4.474707 MOP/S  	CPI=1.775080  	Freq=160 MHz 	Cycles=74986726 	icount=42244148 	Time_cy=468.667053 ms
Double Multiply 	 Time_meas=1385.746948 ms 	1.513373 MOP/S  	CPI=1.624751  	Freq=160 MHz 	Cycles=221719397 	icount=136463581 	Time_cy=1385.746216 ms
Double Multiply-Add 	 Time_meas=519.943970 ms 	4.033419 MOP/S  	CPI=1.929170  	Freq=160 MHz 	Cycles=83190981 	icount=43122689 	Time_cy=519.943665 ms
[0;32mI (3539) main_task: Returned from app_main()[0m
